2024-10-29 10:12:52,731 - INFO - Loading dataset from Hugging Face...
2024-10-29 10:12:55,090 - INFO - Dataset loaded and converted to DataFrame.
2024-10-29 10:12:55,091 - INFO - Using default tokenizer.
2024-10-29 10:13:05,692 - INFO - Initialized all scorers.
2024-10-30 22:08:36,758 - INFO - Loading dataset from Hugging Face...
2024-10-30 22:08:41,750 - INFO - Dataset loaded and converted to DataFrame.
2024-10-30 22:08:41,750 - INFO - Using default tokenizer.
2024-10-30 22:08:53,916 - INFO - Initialized all scorers.
2024-10-30 22:10:34,776 - INFO - Loading dataset from Hugging Face...
2024-10-30 22:10:39,086 - INFO - Dataset loaded and converted to DataFrame.
2024-10-30 22:10:39,086 - INFO - Using default tokenizer.
2024-10-30 22:10:49,259 - INFO - Initialized all scorers.
2024-10-31 09:28:35,034 - INFO - Loading dataset from Hugging Face...
2024-10-31 09:28:38,642 - INFO - Dataset loaded and converted to DataFrame.
2024-10-31 09:28:38,643 - INFO - Using default tokenizer.
2024-10-31 09:28:50,248 - INFO - Initialized all scorers.
2024-10-31 17:13:15,935 - INFO - Loading dataset from Hugging Face...
2024-10-31 17:13:20,299 - INFO - Dataset loaded and converted to DataFrame.
2024-10-31 17:13:20,300 - INFO - Using default tokenizer.
2024-10-31 17:13:33,157 - INFO - Initialized all scorers.
2024-11-01 13:20:31,029 - INFO - Loading dataset from Hugging Face...
2024-11-07 18:37:17,138 - INFO - Using default tokenizer.
2024-11-07 18:48:40,297 - INFO - Initialized all scorers.
2024-11-07 18:48:40,298 - INFO - Loading dataset ahmed275/opinions_dataset_temporal_test_generated_summaries_mixed_liberal_75 from Hugging Face...
2024-11-07 18:48:51,228 - INFO - DATASET ahmed275/opinions_dataset_temporal_test_generated_summaries_mixed_liberal_75 all scorers.
2024-11-07 18:48:51,315 - INFO - Dataset loaded and converted to DataFrame.
2024-11-07 18:56:28,230 - INFO - Using default tokenizer.


2024-11-07 18:56:41,140 - INFO - Initialized all scorers.
2024-11-07 18:56:41,141 - INFO - Loading dataset ahmed275/opinions_dataset_temporal_test_generated_summaries_mixed_liberal_75 from Hugging Face...
2024-11-07 18:56:47,205 - INFO - DATASET ahmed275/opinions_dataset_temporal_test_generated_summaries_mixed_liberal_75 all scorers.
2024-11-07 18:56:47,279 - INFO - Dataset loaded and converted to DataFrame.
2024-11-07 21:12:24,878 - INFO - Scores saved to mixed_liberal_75/case_scores_mixed_liberal_75.csv
2024-11-07 21:12:24,879 - INFO - Loading dataset ahmed275/opinions_dataset_temporal_test_generated_summaries_mixed_conservative_75 from Hugging Face...
2024-11-07 21:12:37,406 - INFO - DATASET ahmed275/opinions_dataset_temporal_test_generated_summaries_mixed_conservative_75 all scorers.
2024-11-07 21:12:37,483 - INFO - Dataset loaded and converted to DataFrame.
2024-11-07 23:26:48,956 - INFO - Scores saved to mixed_conservative_75/case_scores_mixed_conservative_75.csv
2024-11-07 23:26:48,957 - INFO - Loading dataset ahmed275/decoding_summaries_top_k_2000 from Hugging Face...
2024-11-07 23:27:02,222 - INFO - DATASET ahmed275/decoding_summaries_top_k_2000 all scorers.
2024-11-07 23:27:02,298 - INFO - Dataset loaded and converted to DataFrame.
2024-11-08 01:33:50,080 - INFO - Scores saved to top_k/case_scores_top_k_2000.csv
2024-11-08 01:33:50,081 - INFO - Loading dataset ahmed275/decoding_summaries_top_k_1500 from Hugging Face...
2024-11-08 01:34:02,858 - INFO - DATASET ahmed275/decoding_summaries_top_k_1500 all scorers.
2024-11-08 01:34:02,933 - INFO - Dataset loaded and converted to DataFrame.
2024-11-08 03:41:45,057 - INFO - Scores saved to top_k/case_scores_top_k_1500.csv
2024-11-08 03:41:45,058 - INFO - Loading dataset ahmed275/decoding_summaries_top_k_1000 from Hugging Face...
2024-11-08 03:41:57,676 - INFO - DATASET ahmed275/decoding_summaries_top_k_1000 all scorers.
2024-11-08 03:41:57,753 - INFO - Dataset loaded and converted to DataFrame.
2024-11-08 05:51:28,193 - INFO - Scores saved to top_k/case_scores_top_k_1000.csv
2024-11-08 05:51:28,194 - INFO - Loading dataset ahmed275/decoding_summaries_top_k_500 from Hugging Face...
2024-11-08 05:51:41,182 - INFO - DATASET ahmed275/decoding_summaries_top_k_500 all scorers.
2024-11-08 05:51:41,258 - INFO - Dataset loaded and converted to DataFrame.
2024-11-08 08:01:52,066 - INFO - Scores saved to top_k/case_scores_top_k_500.csv
2024-11-08 08:01:52,066 - INFO - Loading dataset ahmed275/decoding_summaries_top_k_250 from Hugging Face...
2024-11-08 08:02:05,342 - INFO - DATASET ahmed275/decoding_summaries_top_k_250 all scorers.
2024-11-08 08:02:05,418 - INFO - Dataset loaded and converted to DataFrame.
2024-11-08 10:11:39,595 - INFO - Scores saved to top_k/case_scores_top_k_250.csv
2024-11-08 10:11:39,595 - INFO - Loading dataset ahmed275/decoding_summaries_top_k_100 from Hugging Face...
2024-11-08 10:11:52,551 - INFO - DATASET ahmed275/decoding_summaries_top_k_100 all scorers.
2024-11-08 10:11:52,630 - INFO - Dataset loaded and converted to DataFrame.
2024-11-08 12:20:42,480 - INFO - Scores saved to top_k/case_scores_top_k_100.csv
2024-11-08 12:20:42,480 - INFO - Loading dataset ahmed275/decoding_summaries_top_k_75 from Hugging Face...
2024-11-08 12:52:20,925 - INFO - Using default tokenizer.
2024-11-08 12:52:33,585 - INFO - Initialized all scorers.
2024-11-08 12:52:33,586 - INFO - Loading dataset ahmed275/decoding_summaries_top_k_75 from Hugging Face...
2024-11-08 12:52:43,753 - INFO - DATASET ahmed275/decoding_summaries_top_k_75 all scorers.
2024-11-08 12:52:43,828 - INFO - Dataset loaded and converted to DataFrame.
2024-11-08 15:02:21,845 - INFO - Scores saved to top_k/case_scores_top_k_75.csv
2024-11-08 15:02:21,845 - INFO - Loading dataset ahmed275/decoding_summaries_top_k_50 from Hugging Face...
2024-11-08 15:02:34,359 - INFO - DATASET ahmed275/decoding_summaries_top_k_50 all scorers.
2024-11-08 15:02:34,434 - INFO - Dataset loaded and converted to DataFrame.
2024-11-08 17:13:36,239 - INFO - Scores saved to top_k/case_scores_top_k_50.csv
2024-11-08 17:13:36,239 - INFO - Loading dataset ahmed275/decoding_summaries_top_k_25 from Hugging Face...
2024-11-08 17:13:49,417 - INFO - DATASET ahmed275/decoding_summaries_top_k_25 all scorers.
2024-11-08 17:13:49,491 - INFO - Dataset loaded and converted to DataFrame.
2024-11-08 19:23:19,991 - INFO - Scores saved to top_k/case_scores_top_k_25.csv
2024-11-08 19:23:19,991 - INFO - Loading dataset ahmed275/decoding_summaries_top_k_10 from Hugging Face...
2024-11-08 19:23:32,417 - INFO - DATASET ahmed275/decoding_summaries_top_k_10 all scorers.
2024-11-08 19:23:32,491 - INFO - Dataset loaded and converted to DataFrame.
2024-11-08 21:33:43,222 - INFO - Scores saved to top_k/case_scores_top_k_10.csv
2024-11-08 21:33:43,222 - INFO - Loading dataset ahmed275/decoding_summaries_temperature_0.9 from Hugging Face...
2024-11-08 21:33:55,672 - INFO - DATASET ahmed275/decoding_summaries_temperature_0.9 all scorers.
2024-11-08 21:33:55,748 - INFO - Dataset loaded and converted to DataFrame.
2024-11-08 23:42:13,884 - INFO - Scores saved to temperature/case_scores_temperature_0.9.csv
2024-11-08 23:42:13,885 - INFO - Loading dataset ahmed275/decoding_summaries_temperature_0.8 from Hugging Face...
2024-11-09 00:14:00,357 - INFO - Using default tokenizer.
2024-11-09 00:14:13,455 - INFO - Initialized all scorers.
2024-11-09 00:14:13,456 - INFO - Loading dataset ahmed275/decoding_summaries_temperature_0.8 from Hugging Face...
2024-11-09 00:14:23,962 - INFO - DATASET ahmed275/decoding_summaries_temperature_0.8 all scorers.
2024-11-09 00:14:24,038 - INFO - Dataset loaded and converted to DataFrame.
2024-11-09 02:22:07,737 - INFO - Scores saved to temperature/case_scores_temperature_0.8.csv
2024-11-09 02:22:07,737 - INFO - Loading dataset ahmed275/decoding_summaries_temperature_0.7 from Hugging Face...
2024-11-09 02:22:20,641 - INFO - DATASET ahmed275/decoding_summaries_temperature_0.7 all scorers.
2024-11-09 02:22:20,716 - INFO - Dataset loaded and converted to DataFrame.
2024-11-09 04:30:47,827 - INFO - Scores saved to temperature/case_scores_temperature_0.7.csv
2024-11-09 04:30:47,827 - INFO - Loading dataset ahmed275/decoding_summaries_temperature_0.6 from Hugging Face...
2024-11-09 04:31:02,141 - INFO - DATASET ahmed275/decoding_summaries_temperature_0.6 all scorers.
2024-11-09 04:31:02,217 - INFO - Dataset loaded and converted to DataFrame.
2024-11-09 06:38:38,377 - INFO - Scores saved to temperature/case_scores_temperature_0.6.csv
2024-11-09 06:38:38,377 - INFO - Loading dataset ahmed275/decoding_summaries_temperature_0.5 from Hugging Face...
2024-11-09 06:38:51,816 - INFO - DATASET ahmed275/decoding_summaries_temperature_0.5 all scorers.
2024-11-09 06:38:51,897 - INFO - Dataset loaded and converted to DataFrame.
2024-11-09 08:46:24,457 - INFO - Scores saved to temperature/case_scores_temperature_0.5.csv
2024-11-09 08:46:24,457 - INFO - Loading dataset ahmed275/decoding_summaries_temperature_0.4 from Hugging Face...
2024-11-09 08:46:37,225 - INFO - DATASET ahmed275/decoding_summaries_temperature_0.4 all scorers.
2024-11-09 08:46:37,301 - INFO - Dataset loaded and converted to DataFrame.
2024-11-09 10:54:38,050 - INFO - Scores saved to temperature/case_scores_temperature_0.4.csv
2024-11-09 10:54:38,051 - INFO - Loading dataset ahmed275/decoding_summaries_top_p_0.9 from Hugging Face...
2024-11-09 10:54:50,716 - INFO - DATASET ahmed275/decoding_summaries_top_p_0.9 all scorers.
2024-11-09 10:54:50,791 - INFO - Dataset loaded and converted to DataFrame.
2024-11-09 13:01:16,682 - INFO - Scores saved to top_p/case_scores_top_p_0.9.csv
2024-11-09 13:01:16,682 - INFO - Loading dataset ahmed275/decoding_summaries_top_p_0.8 from Hugging Face...
2024-11-09 13:01:29,108 - INFO - DATASET ahmed275/decoding_summaries_top_p_0.8 all scorers.
2024-11-09 13:01:29,184 - INFO - Dataset loaded and converted to DataFrame.
2024-11-09 15:09:41,358 - INFO - Scores saved to top_p/case_scores_top_p_0.8.csv
2024-11-09 15:09:41,358 - INFO - Loading dataset ahmed275/decoding_summaries_top_p_0.7 from Hugging Face...
2024-11-09 15:09:55,510 - INFO - DATASET ahmed275/decoding_summaries_top_p_0.7 all scorers.
2024-11-09 15:09:55,585 - INFO - Dataset loaded and converted to DataFrame.
2024-11-09 17:17:11,085 - INFO - Scores saved to top_p/case_scores_top_p_0.7.csv
2024-11-09 17:17:11,085 - INFO - Loading dataset ahmed275/decoding_summaries_top_p_0.6 from Hugging Face...
2024-11-09 17:17:23,753 - INFO - DATASET ahmed275/decoding_summaries_top_p_0.6 all scorers.
2024-11-09 17:17:23,831 - INFO - Dataset loaded and converted to DataFrame.
2024-11-09 19:23:05,876 - INFO - Scores saved to top_p/case_scores_top_p_0.6.csv
2024-11-09 19:23:05,876 - INFO - Loading dataset ahmed275/decoding_summaries_top_p_0.5 from Hugging Face...
2024-11-09 19:23:17,531 - INFO - DATASET ahmed275/decoding_summaries_top_p_0.5 all scorers.
2024-11-09 19:23:17,607 - INFO - Dataset loaded and converted to DataFrame.
